warning: profiles for the non root package will be ignored, specify profiles at the workspace root:
package:   /home/alex/Documents/GitHub/arduino-esp32-dimmer/application/Cargo.toml
workspace: /home/alex/Documents/GitHub/arduino-esp32-dimmer/Cargo.toml
warning: patch `esp-backtrace v0.19.0 (https://github.com/esp-rs/esp-hal?rev=5161ec77b28aa4b84cc834c4a468115d3535c975#5161ec77)` was not used in the crate graph
warning: patch `esp-radio v1.0.0-beta.0 (https://github.com/esp-rs/esp-hal?rev=5161ec77b28aa4b84cc834c4a468115d3535c975#5161ec77)` was not used in the crate graph
help: Check that the patched package version and available features are compatible
      with the dependency requirements. If the patch has a different version from
      what is locked in the Cargo.lock file, run `cargo update` to use the new
      version. This may also occur with an optional dependency that is not enabled.
warning: unused import: `crate::app::ui::input::MenuControllerInterface`
 --> application/src/app/core.rs:3:5
  |
3 | use crate::app::ui::input::MenuControllerInterface;
  |     ^^^^^^^^^^^^^^^^^^^^^^^^^^^^^^^^^^^^^^^^^^^^^^
  |
  = note: `#[warn(unused_imports)]` (part of `#[warn(unused)]`) on by default

warning: unused imports: `RoteryDecoderConfig` and `RoteryDecoder`
 --> application/src/app/core.rs:6:38
  |
6 | use crate::drivers::rotery_decoder::{RoteryDecoder, RoteryDecoderConfig};
  |                                      ^^^^^^^^^^^^^  ^^^^^^^^^^^^^^^^^^^

warning: field `power_config` is never read
  --> application/src/drivers/lamp_dimmer/esp_dimmer.rs:78:5
   |
75 | pub struct EspPwmDimmer {
   |            ------------ field in this struct
...
78 |     power_config : PowerDimmingConfig,
   |     ^^^^^^^^^^^^
   |
   = note: `#[warn(dead_code)]` (part of `#[warn(unused)]`) on by default

warning: struct `DummyPowerDimmer` is never constructed
   --> application/src/drivers/lamp_dimmer/esp_dimmer.rs:113:8
    |
113 | struct DummyPowerDimmer;
    |        ^^^^^^^^^^^^^^^^

warning: field `steps_per_rotation` is never read
  --> application/src/drivers/rotery_decoder/rotery_decoder.rs:68:5
   |
64 | pub struct RoteryDecoder<'a, I>
   |            ------------- field in this struct
...
68 |     steps_per_rotation : u16,
   |     ^^^^^^^^^^^^^^^^^^

warning: `dimmer-application` (lib) generated 5 warnings (run `cargo fix --lib -p dimmer-application` to apply 2 suggestions)
    Finished `dev` profile [optimized + debuginfo] target(s) in 0.35s
warning: the following packages contain code that will be rejected by a future version of Rust: proc-macro-error2 v2.0.1
note: to see what the problems were, use the option `--future-incompat-report`, or run `cargo report future-incompatibilities --id 1`
